# 0
# QuestaSim-64 vlog 2021.1 Compiler 2021.01 Jan 19 2021
# Start time: 04:05:21 on Jul 10,2026
# vlog repo/tb/global/eth_glob_pkg.sv repo/tb/seq_items/mii_tx/mii_tx_seq_item_pkg.sv repo/tb/seq_items/wb_m/wb_m_seq_item_pkg.sv repo/tb/seq_items/wb_s/wb_s_seq_item_pkg.sv repo/tb/config/eth_config_pkg.sv repo/tb/ral/eth_ral_pkg.sv repo/tb/sequences/wb_m_seq/wb_m_seq_pkg.sv repo/tb/sequences/wb_s_seq/wb_s_seq_pkg.sv repo/tb/virtual_seq_sqr/eth_v_seq_sqr_pkg.sv repo/tb/agents/mii_tx/mii_tx_agent_pkg.sv repo/tb/agents/wb_m/wb_m_agent_pkg.sv repo/tb/agents/wb_s/wb_s_agent_pkg.sv repo/tb/scoreboards/eth_tx_scoreboard/eth_tx_scoreboard_pkg.sv repo/tb/env/eth_env_pkg.sv repo/tb/tests/eth_tests_tx/eth_test_tx_pkg.sv repo/tb/interfaces/mdio_if.sv repo/tb/interfaces/mii_tx_if.sv repo/tb/interfaces/wb_m_if.sv repo/tb/interfaces/wb_s_if.sv repo/rtl/eth_clockgen.v repo/rtl/eth_cop.v repo/rtl/eth_crc.v repo/rtl/eth_defines.v repo/rtl/eth_fifo.v repo/rtl/eth_maccontrol.v repo/rtl/eth_macstatus.v repo/rtl/eth_miim.v repo/rtl/eth_outputcontrol.v repo/rtl/eth_random.v repo/rtl/eth_receivecontrol.v repo/rtl/eth_register.v repo/rtl/eth_registers.v repo/rtl/eth_rxaddrcheck.v repo/rtl/eth_rxcounters.v repo/rtl/eth_rxethmac.v repo/rtl/eth_rxstatem.v repo/rtl/eth_shiftreg.v repo/rtl/eth_spram_256x32.v repo/rtl/eth_top.v repo/rtl/eth_transmitcontrol.v repo/rtl/eth_txcounters.v repo/rtl/eth_txethmac.v repo/rtl/eth_txstatem.v repo/rtl/eth_wishbone.v repo/rtl/timescale.v repo/tb/top/eth_tb.sv "+cover" -covercells 
# -- Compiling package eth_glob_pkg
# ** Note: (vlog-2286) repo/tb/global/eth_glob_pkg.sv(17): Using implicit +incdir+D:/B/qsim_2021_1/uvm-1.1d/../verilog_src/uvm-1.1d/src from import uvm_pkg
# -- Importing package mtiUvm.uvm_pkg (uvm-1.1d Built-in)
# -- Compiling package mii_tx_seq_item_pkg
# -- Importing package eth_glob_pkg
# -- Compiling package wb_m_seq_item_pkg
# -- Compiling package wb_s_seq_item_pkg
# -- Compiling package eth_config_pkg
# -- Importing package eth_ral_pkg
# -- Importing package wb_s_seq_item_pkg
# -- Compiling package eth_ral_pkg
# -- Compiling package wb_m_seq_pkg
# -- Importing package wb_m_seq_item_pkg
# -- Importing package wb_m_agent_pkg
# -- Importing package eth_config_pkg
# ** Warning: repo/tb/sequences/wb_m_seq/wb_m_seq_wr_rd.sv(36): (vlog-2240) Treating stand-alone use of function 'write' as an implicit VOID cast.
# ** Warning: repo/tb/sequences/wb_m_seq/wb_m_seq_wr_rd.sv(43): (vlog-2240) Treating stand-alone use of function 'read' as an implicit VOID cast.
# -- Compiling package wb_s_seq_pkg
# ** Warning: repo/tb/sequences/wb_s_seq/wb_s_basic_tx_seq.sv(67): (vlog-2240) Treating stand-alone use of function 'write' as an implicit VOID cast.
# -- Compiling package eth_v_seq_sqr_pkg
# -- Importing package wb_s_agent_pkg
# -- Importing package mii_tx_agent_pkg
# -- Importing package mii_tx_seq_item_pkg
# -- Importing package wb_m_seq_pkg
# -- Importing package wb_s_seq_pkg
# -- Compiling package mii_tx_agent_pkg
# -- Compiling package wb_m_agent_pkg
# -- Compiling package wb_s_agent_pkg
# -- Compiling package eth_tx_scoreboard_pkg
# ** Warning: repo/tb/scoreboards/eth_tx_scoreboard/eth_tx_scoreboard.sv(651): (vlog-2240) Treating stand-alone use of function 'read' as an implicit VOID cast.
# ** Warning: repo/tb/scoreboards/eth_tx_scoreboard/eth_tx_scoreboard.sv(452): (vlog-2240) Treating stand-alone use of function 'pop_front' as an implicit VOID cast.
# ** Warning: repo/tb/scoreboards/eth_tx_scoreboard/eth_tx_scoreboard.sv(616): (vlog-2240) Treating stand-alone use of function 'pop_back' as an implicit VOID cast.
# ** Warning: repo/tb/scoreboards/eth_tx_scoreboard/eth_tx_scoreboard.sv(1423): (vlog-2240) Treating stand-alone use of function 'predict' as an implicit VOID cast.
# ** Warning: repo/tb/scoreboards/eth_tx_scoreboard/eth_tx_scoreboard.sv(1432): (vlog-2240) Treating stand-alone use of function 'predict' as an implicit VOID cast.
# ** Warning: repo/tb/scoreboards/eth_tx_scoreboard/eth_tx_scoreboard.sv(1441): (vlog-2240) Treating stand-alone use of function 'predict' as an implicit VOID cast.
# ** Warning: repo/tb/scoreboards/eth_tx_scoreboard/eth_tx_scoreboard.sv(1450): (vlog-2240) Treating stand-alone use of function 'predict' as an implicit VOID cast.
# ** Warning: repo/tb/scoreboards/eth_tx_scoreboard/eth_tx_scoreboard.sv(1483): (vlog-2240) Treating stand-alone use of function 'predict' as an implicit VOID cast.
# -- Compiling package eth_env_pkg
# -- Importing package eth_v_seq_sqr_pkg
# -- Importing package eth_tx_scoreboard_pkg
# -- Compiling package eth_test_tx_pkg
# -- Importing package eth_env_pkg
# -- Compiling interface mdio_if
# -- Compiling interface mii_tx_if
# -- Compiling interface wb_m_if
# -- Compiling interface wb_s_if
# -- Compiling module eth_clockgen
# -- Compiling module eth_cop
# -- Compiling module eth_crc
# -- Compiling module eth_fifo
# -- Compiling module eth_maccontrol
# -- Compiling module eth_macstatus
# -- Compiling module eth_miim
# -- Compiling module eth_outputcontrol
# -- Compiling module eth_random
# -- Compiling module eth_receivecontrol
# -- Compiling module eth_register
# -- Compiling module eth_registers
# -- Compiling module eth_rxaddrcheck
# -- Compiling module eth_rxcounters
# -- Compiling module eth_rxethmac
# -- Compiling module eth_rxstatem
# -- Compiling module eth_shiftreg
# -- Compiling module eth_spram_256x32
# -- Compiling module eth_top
# -- Compiling module eth_transmitcontrol
# -- Compiling module eth_txcounters
# -- Compiling module eth_txethmac
# -- Compiling module eth_txstatem
# -- Compiling module eth_wishbone
# -- Compiling module eth_tb
# -- Importing package eth_test_tx_pkg
# 
# Top level modules:
# 	eth_cop
# 	eth_tb
# End time: 04:05:22 on Jul 10,2026, Elapsed time: 0:00:01
# Errors: 0, Warnings: 11
# vsim -c -voptargs="+acc" work.eth_tb -coverage -classdebug -uvmcontrol=all "+uvm_set_verbosity=uvm_test_top.m_env.*,_ALL_,UVM_MEDIUM,time,0" "+UVM_TESTNAME=eth_test_tx_smoke" 
# Start time: 04:05:22 on Jul 10,2026
# ** Note: (vsim-3813) Design is being optimized due to module recompilation...
# ** Warning: repo/tb/scoreboards/eth_tx_scoreboard/eth_tx_scoreboard.sv(651): (vopt-2240) Treating stand-alone use of function 'read' as an implicit VOID cast.
# ** Warning: repo/tb/scoreboards/eth_tx_scoreboard/eth_tx_scoreboard.sv(452): (vopt-2240) Treating stand-alone use of function 'pop_front' as an implicit VOID cast.
# ** Warning: repo/tb/scoreboards/eth_tx_scoreboard/eth_tx_scoreboard.sv(616): (vopt-2240) Treating stand-alone use of function 'pop_back' as an implicit VOID cast.
# ** Warning: repo/tb/scoreboards/eth_tx_scoreboard/eth_tx_scoreboard.sv(1423): (vopt-2240) Treating stand-alone use of function 'predict' as an implicit VOID cast.
# ** Warning: repo/tb/scoreboards/eth_tx_scoreboard/eth_tx_scoreboard.sv(1432): (vopt-2240) Treating stand-alone use of function 'predict' as an implicit VOID cast.
# ** Warning: repo/tb/scoreboards/eth_tx_scoreboard/eth_tx_scoreboard.sv(1441): (vopt-2240) Treating stand-alone use of function 'predict' as an implicit VOID cast.
# ** Warning: repo/tb/scoreboards/eth_tx_scoreboard/eth_tx_scoreboard.sv(1450): (vopt-2240) Treating stand-alone use of function 'predict' as an implicit VOID cast.
# ** Warning: repo/tb/scoreboards/eth_tx_scoreboard/eth_tx_scoreboard.sv(1483): (vopt-2240) Treating stand-alone use of function 'predict' as an implicit VOID cast.
# ** Warning: repo/tb/top/eth_tb.sv(72): (vopt-2685) [TFMPC] - Too few port connections for 'dut'.  Expected 35, found 27.
# ** Warning: repo/tb/top/eth_tb.sv(72): (vopt-2718) [TFMPC] - Missing connection for port 'md_padoe_o'.
# ** Warning: repo/tb/top/eth_tb.sv(72): (vopt-2718) [TFMPC] - Missing connection for port 'md_pad_o'.
# ** Warning: repo/tb/top/eth_tb.sv(72): (vopt-2718) [TFMPC] - Missing connection for port 'md_pad_i'.
# ** Warning: repo/tb/top/eth_tb.sv(72): (vopt-2718) [TFMPC] - Missing connection for port 'mdc_pad_o'.
# ** Warning: repo/tb/top/eth_tb.sv(72): (vopt-2718) [TFMPC] - Missing connection for port 'mrxerr_pad_i'.
# ** Warning: repo/tb/top/eth_tb.sv(72): (vopt-2718) [TFMPC] - Missing connection for port 'mrxdv_pad_i'.
# ** Warning: repo/tb/top/eth_tb.sv(72): (vopt-2718) [TFMPC] - Missing connection for port 'mrxd_pad_i'.
# ** Warning: repo/tb/top/eth_tb.sv(72): (vopt-2718) [TFMPC] - Missing connection for port 'mrx_clk_pad_i'.
# ** Note: (vsim-12126) Error and warning message counts have been restored: Errors=0, Warnings=17.
# //  Questa Sim-64
# //  Version 2021.1 win64 Jan 19 2021
# //
# //  Copyright 1991-2021 Mentor Graphics Corporation
# //  All Rights Reserved.
# //
# //  QuestaSim and its associated documentation contain trade
# //  secrets and commercial or financial information that are the property of
# //  Mentor Graphics Corporation and are privileged, confidential,
# //  and exempt from disclosure under the Freedom of Information Act,
# //  5 U.S.C. Section 552. Furthermore, this information
# //  is prohibited from disclosure under the Trade Secrets Act,
# //  18 U.S.C. Section 1905.
# //
# Loading sv_std.std
# Loading work.wb_m_if(fast)
# Loading work.wb_s_if(fast)
# Loading work.mii_tx_if(fast)
# Loading work.mdio_if(fast)
# Loading mtiUvm.uvm_pkg(fast)
# Loading work.eth_glob_pkg(fast)
# Loading work.wb_s_seq_item_pkg(fast)
# Loading work.eth_ral_pkg(fast)
# Loading work.eth_config_pkg(fast)
# Loading work.mii_tx_seq_item_pkg(fast)
# Loading work.wb_m_seq_item_pkg(fast)
# Loading work.eth_tx_scoreboard_pkg(fast)
# Loading work.wb_s_seq_pkg(fast)
# Loading work.wb_m_agent_pkg(fast)
# Loading work.wb_m_seq_pkg(fast)
# Loading work.mii_tx_agent_pkg(fast)
# Loading work.wb_s_agent_pkg(fast)
# Loading work.eth_v_seq_sqr_pkg(fast)
# Loading work.eth_env_pkg(fast)
# Loading work.eth_test_tx_pkg(fast)
# Loading mtiUvm.questa_uvm_pkg(fast)
# Loading work.eth_tb(fast)
# Loading work.wb_s_if(fast__2)
# Loading work.wb_m_if(fast__2)
# Loading work.mii_tx_if(fast__2)
# Loading work.eth_top(fast)
# Loading work.eth_miim(fast)
# Loading work.eth_clockgen(fast)
# Loading work.eth_shiftreg(fast)
# Loading work.eth_outputcontrol(fast)
# Loading work.eth_registers(fast)
# Loading work.eth_register(fast)
# Loading work.eth_register(fast__1)
# Loading work.eth_register(fast__2)
# Loading work.eth_register(fast__3)
# Loading work.eth_register(fast__4)
# Loading work.eth_register(fast__5)
# Loading work.eth_register(fast__6)
# Loading work.eth_register(fast__7)
# Loading work.eth_register(fast__8)
# Loading work.eth_register(fast__9)
# Loading work.eth_register(fast__10)
# Loading work.eth_register(fast__11)
# Loading work.eth_register(fast__12)
# Loading work.eth_register(fast__13)
# Loading work.eth_register(fast__14)
# Loading work.eth_maccontrol(fast)
# Loading work.eth_receivecontrol(fast)
# Loading work.eth_transmitcontrol(fast)
# Loading work.eth_txethmac(fast)
# Loading work.eth_txcounters(fast)
# Loading work.eth_txstatem(fast)
# Loading work.eth_crc(fast)
# Loading work.eth_random(fast)
# Loading work.eth_rxethmac(fast)
# Loading work.eth_rxstatem(fast)
# Loading work.eth_rxcounters(fast)
# Loading work.eth_rxaddrcheck(fast)
# Loading work.eth_crc(fast__1)
# Loading work.eth_wishbone(fast)
# Loading work.eth_spram_256x32(fast)
# Loading work.eth_fifo(fast)
# Loading work.eth_macstatus(fast)
# ** Warning: (vsim-8441) Clocking block output vif.cb_mii_tx.MColl is not legal in this
# or another expression.
#    Time: 0 ps  Iteration: 0  Region: /mii_tx_agent_pkg File: repo/tb/agents/mii_tx/mii_tx_monitor_base.sv Line: 69
# ** Warning: (vsim-8441) Clocking block output vif.cb_mii_tx.MCrS is not legal in this
# or another expression.
#    Time: 0 ps  Iteration: 0  Region: /mii_tx_agent_pkg File: repo/tb/agents/mii_tx/mii_tx_monitor_base.sv Line: 70
# ** Warning: (vsim-8441) Clocking block output vif.cb_mii_tx.MCrS is not legal in this
# or another expression.
#    Time: 0 ps  Iteration: 0  Region: /mii_tx_agent_pkg File: repo/tb/agents/mii_tx/mii_tx_monitor_base.sv Line: 70
# ** Warning: (vsim-8441) Clocking block output vif.cb_mii_tx.MColl is not legal in this
# or another expression.
#    Time: 0 ps  Iteration: 0  Region: /mii_tx_agent_pkg File: repo/tb/agents/mii_tx/mii_tx_monitor_base.sv Line: 69
# ** Warning: (vsim-3015) [PCDPC] - Port size (1) does not match connection size (32) for port 'Write'. The port definition is at: repo/rtl/eth_register.v(77).
#    Time: 0 ps  Iteration: 0  Instance: /eth_tb/dut/ethreg1/INT_SOURCE File: repo/rtl/eth_registers.v Line: 1179
# ** Warning: (vsim-3015) [PCDPC] - Port size (1) does not match connection size (32) for port 'SyncReset'. The port definition is at: repo/rtl/eth_register.v(77).
#    Time: 0 ps  Iteration: 0  Instance: /eth_tb/dut/ethreg1/INT_SOURCE File: repo/rtl/eth_registers.v Line: 1179
# Loading D:/B/qsim_2021_1/uvm-1.1d\win64\uvm_dpi.dll
# ----------------------------------------------------------------
# UVM-1.1d
# (C) 2007-2013 Mentor Graphics Corporation
# (C) 2007-2013 Cadence Design Systems, Inc.
# (C) 2006-2013 Synopsys, Inc.
# (C) 2011-2013 Cypress Semiconductor Corp.
# ----------------------------------------------------------------
# 
#   ***********       IMPORTANT RELEASE NOTES         ************
# 
#   You are using a version of the UVM library that has been compiled
#   with `UVM_NO_DEPRECATED undefined.
#   See http://www.eda.org/svdb/view.php?id=3313 for more details.
# 
#   You are using a version of the UVM library that has been compiled
#   with `UVM_OBJECT_MUST_HAVE_CONSTRUCTOR undefined.
#   See http://www.eda.org/svdb/view.php?id=3770 for more details.
# 
#       (Specify +UVM_NO_RELNOTES to turn off this notice)
# 
# UVM_INFO verilog_src/questa_uvm_pkg-1.2/src/questa_uvm_pkg.sv(277) @ 0: reporter [Questa UVM] QUESTA_UVM-1.2.3
# UVM_INFO verilog_src/questa_uvm_pkg-1.2/src/questa_uvm_pkg.sv(278) @ 0: reporter [Questa UVM]  questa_uvm::init(all)
# UVM_INFO @ 0: reporter [RNTST] Running test eth_test_tx_smoke...
# UVM_INFO repo/tb/tests/eth_tests_tx/eth_test_tx_base.sv(17) @ 0: uvm_test_top [eth_test_tx_smoke] start of build_phase
# UVM_INFO repo/tb/agents/mii_tx/mii_tx_agent.sv(51) @ 0: uvm_test_top.m_env.m_mii_tx_agent [build_phase] agent passive
# UVM_INFO repo/tb/agents/mii_tx/mii_tx_agent.sv(68) @ 0: uvm_test_top.m_env.m_mii_tx_agent [connect_phase] agent passive
# UVM_INFO repo/tb/tests/eth_tests_tx/eth_test_tx_base.sv(45) @ 0: uvm_test_top [eth_test_tx_smoke] start of sim phase
# ---------------------------------------------------------------------------------
# Name                          Type                                    Size  Value
# ---------------------------------------------------------------------------------
# uvm_test_top                  eth_test_tx_smoke                       -     @486 
#   m_env                       eth_env_tx                              -     @505 
#     m_mii_tx_agent            mii_tx_agent                            -     @805 
#       agent_a_port            uvm_analysis_port                       -     @828 
#         recording_detail      integral                                32    'd1  
#       m_monitor               mii_tx_monitor_base                     -     @821 
#         monitor_tr_a_port     uvm_analysis_port                       -     @836 
#           recording_detail    integral                                32    'd1  
#         recording_detail      integral                                32    'd1  
#       recording_detail        integral                                32    'd1  
#     m_predictor               uvm_reg_predictor #(uvm_sequence_item)  -     @667 
#       bus_in                  uvm_analysis_imp                        -     @674 
#         recording_detail      integral                                32    'd1  
#       reg_ap                  uvm_analysis_port                       -     @682 
#         recording_detail      integral                                32    'd1  
#       recording_detail        integral                                32    'd1  
#     m_tx_sb                   eth_tx_scoreboard                       -     @812 
#       mii_tx_export           uvm_analysis_export                     -     @946 
#         recording_detail      integral                                32    'd1  
#       mii_tx_fifo             uvm_tlm_analysis_fifo #(T)              -     @891 
#         analysis_export       uvm_analysis_imp                        -     @930 
#           recording_detail    integral                                32    'd1  
#         get_ap                uvm_analysis_port                       -     @922 
#           recording_detail    integral                                32    'd1  
#         get_peek_export       uvm_get_peek_imp                        -     @906 
#           recording_detail    integral                                32    'd1  
#         put_ap                uvm_analysis_port                       -     @914 
#           recording_detail    integral                                32    'd1  
#         put_export            uvm_put_imp                             -     @898 
#           recording_detail    integral                                32    'd1  
#         recording_detail      integral                                32    'd1  
#       wb_m_export             uvm_analysis_export                     -     @938 
#         recording_detail      integral                                32    'd1  
#       wb_m_fifo               uvm_tlm_analysis_fifo #(T)              -     @844 
#         analysis_export       uvm_analysis_imp                        -     @883 
#           recording_detail    integral                                32    'd1  
#         get_ap                uvm_analysis_port                       -     @875 
#           recording_detail    integral                                32    'd1  
#         get_peek_export       uvm_get_peek_imp                        -     @859 
#           recording_detail    integral                                32    'd1  
#         put_ap                uvm_analysis_port                       -     @867 
#           recording_detail    integral                                32    'd1  
#         put_export            uvm_put_imp                             -     @851 
#           recording_detail    integral                                32    'd1  
#         recording_detail      integral                                32    'd1  
#       wb_s_imp                uvm_analysis_imp                        -     @954 
#         recording_detail      integral                                32    'd1  
#       recording_detail        integral                                32    'd1  
#     m_v_sqr                   eth_v_sequencer                         -     @696 
#       rsp_export              uvm_analysis_export                     -     @703 
#         recording_detail      integral                                32    'd1  
#       seq_item_export         uvm_seq_item_pull_imp                   -     @797 
#         recording_detail      integral                                32    'd1  
#       recording_detail        integral                                32    'd1  
#       arbitration_queue       array                                   0     -    
#       lock_queue              array                                   0     -    
#       num_last_reqs           integral                                32    'd1  
#       num_last_rsps           integral                                32    'd1  
#     m_wb_m_agent              wb_m_agent                              -     @526 
#       a_port                  uvm_analysis_port                       -     @1109
#         recording_detail      integral                                32    'd1  
#       m_driver                wb_m_driver_base                        -     @1079
#         rsp_port              uvm_analysis_port                       -     @1094
#           recording_detail    integral                                32    'd1  
#         seq_item_port         uvm_seq_item_pull_port                  -     @1086
#           recording_detail    integral                                32    'd1  
#         recording_detail      integral                                32    'd1  
#       m_monitor               wb_m_monitor_base                       -     @1102
#         request_a_port        uvm_analysis_port                       -     @1125
#           recording_detail    integral                                32    'd1  
#         transaction_a_port    uvm_analysis_port                       -     @1117
#           recording_detail    integral                                32    'd1  
#         recording_detail      integral                                32    'd1  
#       m_sequencer             wb_m_sequencer_base                     -     @970 
#         request_export        uvm_analysis_export                     -     @1185
#           recording_detail    integral                                32    'd1  
#         request_fifo          uvm_tlm_analysis_fifo #(T)              -     @1138
#           analysis_export     uvm_analysis_imp                        -     @1177
#             recording_detail  integral                                32    'd1  
#           get_ap              uvm_analysis_port                       -     @1169
#             recording_detail  integral                                32    'd1  
#           get_peek_export     uvm_get_peek_imp                        -     @1153
#             recording_detail  integral                                32    'd1  
#           put_ap              uvm_analysis_port                       -     @1161
#             recording_detail  integral                                32    'd1  
#           put_export          uvm_put_imp                             -     @1145
#             recording_detail  integral                                32    'd1  
#           recording_detail    integral                                32    'd1  
#         rsp_export            uvm_analysis_export                     -     @977 
#           recording_detail    integral                                32    'd1  
#         seq_item_export       uvm_seq_item_pull_imp                   -     @1071
#           recording_detail    integral                                32    'd1  
#         recording_detail      integral                                32    'd1  
#         arbitration_queue     array                                   0     -    
#         lock_queue            array                                   0     -    
#         num_last_reqs         integral                                32    'd1  
#         num_last_rsps         integral                                32    'd1  
#       recording_detail        integral                                32    'd1  
#     m_wb_s_agent              wb_s_agent                              -     @519 
#       a_port                  uvm_analysis_port                       -     @1338
#         recording_detail      integral                                32    'd1  
#       m_driver                wb_s_driver_base                        -     @1308
#         rsp_port              uvm_analysis_port                       -     @1323
#           recording_detail    integral                                32    'd1  
#         seq_item_port         uvm_seq_item_pull_port                  -     @1315
#           recording_detail    integral                                32    'd1  
#         recording_detail      integral                                32    'd1  
#       m_monitor               wb_s_monitor_base                       -     @1331
#         a_port                uvm_analysis_port                       -     @1348
#           recording_detail    integral                                32    'd1  
#         recording_detail      integral                                32    'd1  
#       m_sequencer             wb_s_sequencer_base                     -     @1199
#         rsp_export            uvm_analysis_export                     -     @1206
#           recording_detail    integral                                32    'd1  
#         seq_item_export       uvm_seq_item_pull_imp                   -     @1300
#           recording_detail    integral                                32    'd1  
#         recording_detail      integral                                32    'd1  
#         arbitration_queue     array                                   0     -    
#         lock_queue            array                                   0     -    
#         num_last_reqs         integral                                32    'd1  
#         num_last_rsps         integral                                32    'd1  
#       recording_detail        integral                                32    'd1  
#     recording_detail          integral                                32    'd1  
#   recording_detail            integral                                32    'd1  
# ---------------------------------------------------------------------------------
# 
#### Factory Configuration (*)
# 
#   No instance or type overrides are registered with this factory
# 
# All types registered with the factory: 100 total
# (types without type names will not be printed)
# 
#   Type Name
#   ---------
#   bd_mem
#   dma_mem
#   eth_collconf_reg
#   eth_ctrlmoder_reg
#   eth_env_base
#   eth_env_config_obj
#   eth_env_tx
#   eth_hash0_reg
#   eth_hash1_reg
#   eth_int_mask_reg
#   eth_int_source_reg
#   eth_ipgr1_reg
#   eth_ipgr2_reg
#   eth_ipgt_reg
#   eth_mac_addr0_reg
#   eth_mac_addr1_reg
#   eth_miiaddress_reg
#   eth_miicommand_reg
#   eth_miimoder_reg
#   eth_miirx_data_reg
#   eth_miistatus_reg
#   eth_miitx_data_reg
#   eth_moder_reg
#   eth_packetlen_reg
#   eth_reg_block
#   eth_test_tx_base
#   eth_test_tx_smoke
#   eth_tx_bd_num_reg
#   eth_tx_scoreboard
#   eth_tx_scoreboard_config_obj
#   eth_txctrl_reg
#   eth_v_seq_base
#   eth_v_seq_tx
#   eth_v_sequencer
#   eth_wb_adapter
#   mdio_config_obj
#   mii_tx_agent
#   mii_tx_config_obj
#   mii_tx_driver_base
#   mii_tx_monitor_base
#   mii_tx_seq_item_base
#   mii_tx_sequencer_base
#   questa_uvm_recorder
#   wb_m_agent
#   wb_m_config_obj
#   wb_m_driver_base
#   wb_m_monitor_base
#   wb_m_seq_base
#   wb_m_seq_item_base
#   wb_m_seq_smoke
#   wb_m_seq_wr_rd
#   wb_m_sequencer_base
#   wb_s_agent
#   wb_s_basic_tx_seq
#   wb_s_config_obj
#   wb_s_driver_base
#   wb_s_monitor_base
#   wb_s_seq_base
#   wb_s_sequencer_base
# (*) Types with no associated type name will be printed as <unknown>
# 
####
# 
# **************************************************************************
# * Questa UVM Transaction Recording Turned ON.                            *
# * recording_detail has been set.                                         *
# *  To turn off, set 'recording_detail' to off:                           *
# * uvm_config_db#(int)            ::set(null, "", "recording_detail", 0); *
# * uvm_config_db#(uvm_bitstream_t)::set(null, "", "recording_detail", 0); *
# **************************************************************************
# ** Warning: (vsim-WLF-5000) WLF file currently in use: vsim.wlf
#           File in use by: mwael  Hostname: MOHAMMAD-LAPTOP  ProcessID: 10104
#           Attempting to use alternate WLF file "./wlftgfi26t".
# ** Warning: (vsim-WLF-5001) Could not open WLF file: vsim.wlf
#           Using alternate file: ./wlftgfi26t
# UVM_INFO repo/tb/scoreboards/eth_tx_scoreboard/eth_tx_scoreboard.sv(289) @ 0: uvm_test_top.m_env.m_tx_sb [eth_tx_scoreboard] Tx scoreboard raised objection
# UVM_INFO repo/tb/agents/wb_s/wb_s_driver_base.sv(65) @ 2500: uvm_test_top.m_env.m_wb_s_agent.m_driver [wb_s_driver_base] Driving transaction: addr=0x3 dir=WRITE sel=0xf wdata=0x15 rdata=0x0 ack=0 err=0 inta=0
# UVM_INFO repo/tb/agents/wb_m/wb_m_monitor_base.sv(100) @ 50000: uvm_test_top.m_env.m_wb_m_agent.m_monitor [wb_m_monitor_base] Begin monitoring after reset deassertion
# UVM_INFO repo/tb/agents/mii_tx/mii_tx_monitor_base.sv(58) @ 50000: uvm_test_top.m_env.m_mii_tx_agent.m_monitor [mii_tx_monitor_base] Begin monitoring after reset deassertion
# UVM_INFO repo/tb/agents/wb_s/wb_s_driver_base.sv(65) @ 67500: uvm_test_top.m_env.m_wb_s_agent.m_driver [wb_s_driver_base] Driving transaction: addr=0x8 dir=WRITE sel=0xf wdata=0x4 rdata=0x0 ack=0 err=0 inta=0
# UVM_INFO repo/tb/agents/wb_s/wb_s_driver_base.sv(65) @ 92500: uvm_test_top.m_env.m_wb_s_agent.m_driver [wb_s_driver_base] Driving transaction: addr=0x11 dir=WRITE sel=0xf wdata=0x1122 rdata=0x0 ack=0 err=0 inta=0
# UVM_INFO repo/tb/agents/wb_s/wb_s_driver_base.sv(65) @ 117500: uvm_test_top.m_env.m_wb_s_agent.m_driver [wb_s_driver_base] Driving transaction: addr=0x10 dir=WRITE sel=0xf wdata=0x33445566 rdata=0x0 ack=0 err=0 inta=0
# UVM_INFO repo/tb/agents/wb_s/wb_s_driver_base.sv(65) @ 142500: uvm_test_top.m_env.m_wb_s_agent.m_driver [wb_s_driver_base] Driving transaction: addr=0x100 dir=WRITE sel=0xf wdata=0x519800 rdata=0x0 ack=0 err=0 inta=0
# UVM_INFO repo/tb/agents/wb_s/wb_s_driver_base.sv(65) @ 177500: uvm_test_top.m_env.m_wb_s_agent.m_driver [wb_s_driver_base] Driving transaction: addr=0x101 dir=WRITE sel=0xf wdata=0x1000 rdata=0x0 ack=0 err=0 inta=0
# UVM_INFO repo/tb/agents/wb_s/wb_s_driver_base.sv(65) @ 217500: uvm_test_top.m_env.m_wb_s_agent.m_driver [wb_s_driver_base] Driving transaction: addr=0x102 dir=WRITE sel=0xf wdata=0x519800 rdata=0x0 ack=0 err=0 inta=0
# UVM_INFO repo/tb/agents/wb_s/wb_s_driver_base.sv(65) @ 257500: uvm_test_top.m_env.m_wb_s_agent.m_driver [wb_s_driver_base] Driving transaction: addr=0x103 dir=WRITE sel=0xf wdata=0x3c rdata=0x0 ack=0 err=0 inta=0
# UVM_INFO repo/tb/agents/wb_s/wb_s_driver_base.sv(65) @ 297500: uvm_test_top.m_env.m_wb_s_agent.m_driver [wb_s_driver_base] Driving transaction: addr=0x104 dir=WRITE sel=0xf wdata=0x519800 rdata=0x0 ack=0 err=0 inta=0
# UVM_INFO repo/tb/agents/wb_s/wb_s_driver_base.sv(65) @ 337500: uvm_test_top.m_env.m_wb_s_agent.m_driver [wb_s_driver_base] Driving transaction: addr=0x105 dir=WRITE sel=0xf wdata=0x78 rdata=0x0 ack=0 err=0 inta=0
# UVM_INFO repo/tb/agents/wb_s/wb_s_driver_base.sv(65) @ 377500: uvm_test_top.m_env.m_wb_s_agent.m_driver [wb_s_driver_base] Driving transaction: addr=0x106 dir=WRITE sel=0xf wdata=0x51b800 rdata=0x0 ack=0 err=0 inta=0
# UVM_INFO repo/tb/agents/wb_s/wb_s_driver_base.sv(65) @ 417500: uvm_test_top.m_env.m_wb_s_agent.m_driver [wb_s_driver_base] Driving transaction: addr=0x107 dir=WRITE sel=0xf wdata=0xb4 rdata=0x0 ack=0 err=0 inta=0
# UVM_INFO repo/tb/agents/wb_s/wb_s_driver_base.sv(65) @ 457500: uvm_test_top.m_env.m_wb_s_agent.m_driver [wb_s_driver_base] Driving transaction: addr=0x0 dir=WRITE sel=0xf wdata=0xa402 rdata=0x0 ack=0 err=0 inta=0
# UVM_INFO repo/tb/sequences/wb_s_seq/wb_s_basic_tx_seq.sv(162) @ 487500: uvm_test_top.m_env.m_wb_s_agent.m_sequencer@@wb_s_basic_tx_seq [wb_s_basic_tx_seq] Basic TX configuration completed
# UVM_INFO repo/tb/scoreboards/eth_tx_scoreboard/eth_tx_scoreboard.sv(696) @ 487500: uvm_test_top.m_env.m_tx_sb [eth_tx_scoreboard] TXEN asserted
# UVM_INFO repo/tb/scoreboards/eth_tx_scoreboard/eth_tx_scoreboard.sv(1064) @ 487500: uvm_test_top.m_env.m_tx_sb [eth_tx_scoreboard] TX BD[0] LEN=81 RD=1 IRQ=0 WR=0 PAD=1 CRC=1 PTR=0x00001000
# UVM_INFO repo/tb/scoreboards/eth_tx_scoreboard/eth_tx_scoreboard.sv(1159) @ 1060000: uvm_test_top.m_env.m_tx_sb [eth_tx_scoreboard] Comp_pack: MTXEN asserted
# UVM_INFO repo/tb/scoreboards/eth_tx_scoreboard/eth_tx_scoreboard.sv(781) @ 8468100: uvm_test_top.m_env.m_tx_sb [eth_tx_scoreboard] TX BD[0] completed
# UVM_INFO repo/tb/scoreboards/eth_tx_scoreboard/eth_tx_scoreboard.sv(1219) @ 8500000: uvm_test_top.m_env.m_tx_sb [eth_tx_scoreboard] Captured 93 bytes from MII
# UVM_INFO repo/tb/scoreboards/eth_tx_scoreboard/eth_tx_scoreboard.sv(1386) @ 8500000: uvm_test_top.m_env.m_tx_sb [eth_tx_scoreboard] Packet comparison PASSED (93 bytes)
# UVM_WARNING verilog_src/uvm-1.1d/src/reg/uvm_reg_field.svh(1707) @ 8500000: reporter [RegModel] Individual BACKDOOR field access not available for field 'm_regmodel.INT_SOURCE.TXE'. Accessing complete register instead.
# UVM_WARNING verilog_src/uvm-1.1d/src/reg/uvm_reg_field.svh(1707) @ 8500000: reporter [RegModel] Individual BACKDOOR field access not available for field 'm_regmodel.INT_SOURCE.TXC'. Accessing complete register instead.
# Mirrored: 1 
# UVM_WARNING verilog_src/uvm-1.1d/src/reg/uvm_reg_field.svh(1707) @ 8500000: reporter [RegModel] Individual BACKDOOR field access not available for field 'm_regmodel.INT_SOURCE.TXB'. Accessing complete register instead.
# Mirrored: 0 
# UVM_INFO repo/tb/scoreboards/eth_tx_scoreboard/eth_tx_scoreboard.sv(1064) @ 8501000: uvm_test_top.m_env.m_tx_sb [eth_tx_scoreboard] TX BD[1] LEN=81 RD=1 IRQ=0 WR=0 PAD=1 CRC=1 PTR=0x0000003c
# UVM_INFO repo/tb/agents/mii_tx/mii_tx_monitor_base.sv(147) @ 9460000: uvm_test_top.m_env.m_mii_tx_agent.m_monitor [mii_tx_monitor_base] Measured IPGT = 24 MII clock cycles
# UVM_INFO repo/tb/scoreboards/eth_tx_scoreboard/eth_tx_scoreboard.sv(1159) @ 9460000: uvm_test_top.m_env.m_tx_sb [eth_tx_scoreboard] Comp_pack: MTXEN asserted
# UVM_ERROR repo/tb/scoreboards/eth_tx_scoreboard/eth_tx_scoreboard.sv(1548) @ 9460000: uvm_test_top.m_env.m_tx_sb [eth_tx_scoreboard] IPGT mismatch
#                  Mode           : Full Duplex
#                  Register IPGT  : 0x15
#                  Expected       : 27 MII cycles
#                  Measured       : 24 MII cycles
# UVM_INFO repo/tb/scoreboards/eth_tx_scoreboard/eth_tx_scoreboard.sv(781) @ 16868100: uvm_test_top.m_env.m_tx_sb [eth_tx_scoreboard] TX BD[1] completed
# UVM_INFO repo/tb/scoreboards/eth_tx_scoreboard/eth_tx_scoreboard.sv(1219) @ 16900000: uvm_test_top.m_env.m_tx_sb [eth_tx_scoreboard] Captured 93 bytes from MII
# UVM_INFO repo/tb/scoreboards/eth_tx_scoreboard/eth_tx_scoreboard.sv(1386) @ 16900000: uvm_test_top.m_env.m_tx_sb [eth_tx_scoreboard] Packet comparison PASSED (93 bytes)
# UVM_WARNING verilog_src/uvm-1.1d/src/reg/uvm_reg_field.svh(1707) @ 16900000: reporter [RegModel] Individual BACKDOOR field access not available for field 'm_regmodel.INT_SOURCE.TXE'. Accessing complete register instead.
# UVM_WARNING verilog_src/uvm-1.1d/src/reg/uvm_reg_field.svh(1707) @ 16900000: reporter [RegModel] Individual BACKDOOR field access not available for field 'm_regmodel.INT_SOURCE.TXC'. Accessing complete register instead.
# Mirrored: 1 
# UVM_WARNING verilog_src/uvm-1.1d/src/reg/uvm_reg_field.svh(1707) @ 16900000: reporter [RegModel] Individual BACKDOOR field access not available for field 'm_regmodel.INT_SOURCE.TXB'. Accessing complete register instead.
# Mirrored: 0 
# UVM_INFO repo/tb/scoreboards/eth_tx_scoreboard/eth_tx_scoreboard.sv(1064) @ 16901000: uvm_test_top.m_env.m_tx_sb [eth_tx_scoreboard] TX BD[2] LEN=81 RD=1 IRQ=0 WR=0 PAD=1 CRC=1 PTR=0x00000078
# UVM_INFO repo/tb/agents/mii_tx/mii_tx_monitor_base.sv(147) @ 17860000: uvm_test_top.m_env.m_mii_tx_agent.m_monitor [mii_tx_monitor_base] Measured IPGT = 24 MII clock cycles
# UVM_INFO repo/tb/scoreboards/eth_tx_scoreboard/eth_tx_scoreboard.sv(1159) @ 17860000: uvm_test_top.m_env.m_tx_sb [eth_tx_scoreboard] Comp_pack: MTXEN asserted
# UVM_ERROR repo/tb/scoreboards/eth_tx_scoreboard/eth_tx_scoreboard.sv(1548) @ 17860000: uvm_test_top.m_env.m_tx_sb [eth_tx_scoreboard] IPGT mismatch
#                  Mode           : Full Duplex
#                  Register IPGT  : 0x15
#                  Expected       : 27 MII cycles
#                  Measured       : 24 MII cycles
# UVM_INFO repo/tb/scoreboards/eth_tx_scoreboard/eth_tx_scoreboard.sv(781) @ 25268100: uvm_test_top.m_env.m_tx_sb [eth_tx_scoreboard] TX BD[2] completed
# UVM_INFO repo/tb/scoreboards/eth_tx_scoreboard/eth_tx_scoreboard.sv(1219) @ 25300000: uvm_test_top.m_env.m_tx_sb [eth_tx_scoreboard] Captured 93 bytes from MII
# UVM_INFO repo/tb/scoreboards/eth_tx_scoreboard/eth_tx_scoreboard.sv(1386) @ 25300000: uvm_test_top.m_env.m_tx_sb [eth_tx_scoreboard] Packet comparison PASSED (93 bytes)
# UVM_WARNING verilog_src/uvm-1.1d/src/reg/uvm_reg_field.svh(1707) @ 25300000: reporter [RegModel] Individual BACKDOOR field access not available for field 'm_regmodel.INT_SOURCE.TXE'. Accessing complete register instead.
# UVM_WARNING verilog_src/uvm-1.1d/src/reg/uvm_reg_field.svh(1707) @ 25300000: reporter [RegModel] Individual BACKDOOR field access not available for field 'm_regmodel.INT_SOURCE.TXC'. Accessing complete register instead.
# Mirrored: 1 
# UVM_WARNING verilog_src/uvm-1.1d/src/reg/uvm_reg_field.svh(1707) @ 25300000: reporter [RegModel] Individual BACKDOOR field access not available for field 'm_regmodel.INT_SOURCE.TXB'. Accessing complete register instead.
# Mirrored: 0 
# UVM_INFO repo/tb/scoreboards/eth_tx_scoreboard/eth_tx_scoreboard.sv(1064) @ 25301000: uvm_test_top.m_env.m_tx_sb [eth_tx_scoreboard] TX BD[3] LEN=81 RD=1 IRQ=0 WR=1 PAD=1 CRC=1 PTR=0x000000b4
# UVM_INFO repo/tb/agents/mii_tx/mii_tx_monitor_base.sv(147) @ 26260000: uvm_test_top.m_env.m_mii_tx_agent.m_monitor [mii_tx_monitor_base] Measured IPGT = 24 MII clock cycles
# UVM_INFO repo/tb/scoreboards/eth_tx_scoreboard/eth_tx_scoreboard.sv(1159) @ 26260000: uvm_test_top.m_env.m_tx_sb [eth_tx_scoreboard] Comp_pack: MTXEN asserted
# UVM_ERROR repo/tb/scoreboards/eth_tx_scoreboard/eth_tx_scoreboard.sv(1548) @ 26260000: uvm_test_top.m_env.m_tx_sb [eth_tx_scoreboard] IPGT mismatch
#                  Mode           : Full Duplex
#                  Register IPGT  : 0x15
#                  Expected       : 27 MII cycles
#                  Measured       : 24 MII cycles
# UVM_INFO repo/tb/scoreboards/eth_tx_scoreboard/eth_tx_scoreboard.sv(781) @ 33668100: uvm_test_top.m_env.m_tx_sb [eth_tx_scoreboard] TX BD[3] completed
# UVM_INFO repo/tb/scoreboards/eth_tx_scoreboard/eth_tx_scoreboard.sv(1219) @ 33700000: uvm_test_top.m_env.m_tx_sb [eth_tx_scoreboard] Captured 93 bytes from MII
# UVM_INFO repo/tb/scoreboards/eth_tx_scoreboard/eth_tx_scoreboard.sv(1386) @ 33700000: uvm_test_top.m_env.m_tx_sb [eth_tx_scoreboard] Packet comparison PASSED (93 bytes)
# UVM_WARNING verilog_src/uvm-1.1d/src/reg/uvm_reg_field.svh(1707) @ 33700000: reporter [RegModel] Individual BACKDOOR field access not available for field 'm_regmodel.INT_SOURCE.TXE'. Accessing complete register instead.
# UVM_WARNING verilog_src/uvm-1.1d/src/reg/uvm_reg_field.svh(1707) @ 33700000: reporter [RegModel] Individual BACKDOOR field access not available for field 'm_regmodel.INT_SOURCE.TXC'. Accessing complete register instead.
# Mirrored: 1 
# UVM_WARNING verilog_src/uvm-1.1d/src/reg/uvm_reg_field.svh(1707) @ 33700000: reporter [RegModel] Individual BACKDOOR field access not available for field 'm_regmodel.INT_SOURCE.TXB'. Accessing complete register instead.
# Mirrored: 0 
# UVM_INFO repo/tb/scoreboards/eth_tx_scoreboard/eth_tx_scoreboard.sv(307) @ 33700200: uvm_test_top.m_env.m_tx_sb [eth_tx_scoreboard] Tx scoreboard dropped objection
# UVM_INFO verilog_src/uvm-1.1d/src/base/uvm_objection.svh(1267) @ 33700200: reporter [TEST_DONE] 'run' phase is ready to proceed to the 'extract' phase
# UVM_INFO repo/tb/agents/wb_m/wb_m_driver_base.sv(108) @ 33700200: uvm_test_top.m_env.m_wb_m_agent.m_driver [wb_m_driver_base] Drived 6730 active transactions
# UVM_INFO repo/tb/agents/wb_m/wb_m_monitor_base.sv(129) @ 33700200: uvm_test_top.m_env.m_wb_m_agent.m_monitor [wb_m_monitor_base] Monitored 6730 TRANSACTIONS
# 
# --- UVM Report Summary ---
# 
# ** Report counts by severity
# UVM_INFO :   52
# UVM_WARNING :   12
# UVM_ERROR :    3
# UVM_FATAL :    0
# ** Report counts by id
# [Questa UVM]     2
# [RNTST]     1
# [RegModel]    12
# [TEST_DONE]     1
# [build_phase]     1
# [connect_phase]     1
# [eth_test_tx_smoke]     2
# [eth_tx_scoreboard]    26
# [mii_tx_monitor_base]     4
# [wb_m_driver_base]     1
# [wb_m_monitor_base]     2
# [wb_s_basic_tx_seq]     1
# [wb_s_driver_base]    13
# ** Note: $finish    : D:/B/qsim_2021_1/win64/../verilog_src/uvm-1.1d/src/base/uvm_root.svh(430)
#    Time: 33700200 ps  Iteration: 57  Instance: /eth_tb
# End time: 04:05:45 on Jul 10,2026, Elapsed time: 0:00:23
# Errors: 0, Warnings: 25
