==================================================
       REG-TX-MIIM REGRESSION SUMMARY REPORT
==================================================
Date : Fri Aug 21 03:19:22 +0300 2026

TEST NAME                      STATUS
--------------------------------------------------
eth_test_miim_clkdiv           DONE  -> log: repo/results/mdio/log/eth_test_miim_clkdiv.log
eth_test_miim_rw_preamble      DONE  -> log: repo/results/mdio/log/eth_test_miim_rw_preamble.log
eth_test_miim_rst_phy          DONE  -> log: repo/results/mdio/log/eth_test_miim_rst_phy.log
eth_test_miim_scan             DONE  -> log: repo/results/mdio/log/eth_test_miim_scan.log
eth_test_miim_cov_cross        DONE  -> log: repo/results/mdio/log/eth_test_miim_cov_cross.log
eth_test_miim_walking          DONE  -> log: repo/results/mdio/log/eth_test_miim_walking.log
eth_test_miim_write_readonly_regs DONE  -> log: repo/results/mdio/log/eth_test_miim_write_readonly_regs.log
eth_test_miim_priority         DONE  -> log: repo/results/mdio/log/eth_test_miim_priority.log
eth_test_miim_wrong_phy_addr   DONE  -> log: repo/results/mdio/log/eth_test_miim_wrong_phy_addr.log
eth_test_miim_scan_intr        DONE  -> log: repo/results/mdio/log/eth_test_miim_scan_intr.log
eth_test_miim_reg_bits         DONE  -> log: repo/results/mdio/log/eth_test_miim_reg_bits.log
eth_test_miim_scan_intr_sweep  DONE  -> log: repo/results/mdio/log/eth_test_miim_scan_intr_sweep.log
eth_test_miim_back_to_back     DONE  -> log: repo/results/mdio/log/eth_test_miim_back_to_back.log
eth_test_miim_phy_addr_sweep   DONE  -> log: repo/results/mdio/log/eth_test_miim_phy_addr_sweep.log
eth_test_miim_reset_in_flight  DONE  -> log: repo/results/mdio/log/eth_test_miim_reset_in_flight.log
eth_test_miim_overwrite_while_busy DONE  -> log: repo/results/mdio/log/eth_test_miim_overwrite_while_busy.log
eth_test_miim_clkdiv_extremes  DONE  -> log: repo/results/mdio/log/eth_test_miim_clkdiv_extremes.log
eth_test_miim_linkfail_toggle  DONE  -> log: repo/results/mdio/log/eth_test_miim_linkfail_toggle.log
eth_test_miim_scan_continuous  DONE  -> log: repo/results/mdio/log/eth_test_miim_scan_continuous.log
eth_test_miim_clear_cmd_while_busy DONE  -> log: repo/results/mdio/log/eth_test_miim_clear_cmd_while_busy.log
eth_test_miim_bitcounter_abort_sweep DONE  -> log: repo/results/mdio/log/eth_test_miim_bitcounter_abort_sweep.log
eth_test_bd_access             DONE  -> log: repo/results/tx/log/eth_test_bd_access.log
eth_test_reg_access            DONE  -> log: repo/results/tx/log/eth_test_reg_access.log
eth_test_tx_ptr                DONE  -> log: repo/results/tx/log/eth_test_tx_ptr.log
eth_test_tx_coll               DONE  -> log: repo/results/tx/log/eth_test_tx_coll.log
eth_test_tx_coll_pre           DONE  -> log: repo/results/tx/log/eth_test_tx_coll_pre.log
eth_test_tx_df                 DONE  -> log: repo/results/tx/log/eth_test_tx_df.log
eth_test_tx_underrun           DONE  -> log: repo/results/tx/log/eth_test_tx_underrun.log
eth_test_tx_interrupts         DONE  -> log: repo/results/tx/log/eth_test_tx_interrupts.log
eth_test_tx_len                DONE  -> log: repo/results/tx/log/eth_test_tx_len.log
eth_test_tx_ipgt               DONE  -> log: repo/results/tx/log/eth_test_tx_ipgt.log
eth_test_tx_cs                 DONE  -> log: repo/results/tx/log/eth_test_tx_cs.log
eth_test_tx_maxfl              DONE  -> log: repo/results/tx/log/eth_test_tx_maxfl.log
eth_test_tx_minfl              DONE  -> log: repo/results/tx/log/eth_test_tx_minfl.log
eth_test_tx_ctrl_flow          DONE  -> log: repo/results/tx/log/eth_test_tx_ctrl_flow.log
eth_test_tx_moder              DONE  -> log: repo/results/tx/log/eth_test_tx_moder.log
eth_test_tx_bd_num             DONE  -> log: repo/results/tx/log/eth_test_tx_bd_num.log
eth_test_tx_max_len            DONE  -> log: repo/results/tx/log/eth_test_tx_max_len.log

==================================================
         FINISHING REG-TX-MIIM REGRESSION         
==================================================

