==================================================
         MDIO REGRESSION SUMMARY REPORT
==================================================
Date : Tue Aug 04 02:55:26 EEST 2026

TEST NAME                           STATUS
--------------------------------------------------
eth_test_miim_clkdiv                DONE -> log: results/mdio/log/eth_test_miim_clkdiv.log
eth_test_miim_rw_preamble           DONE -> log: results/mdio/log/eth_test_miim_rw_preamble.log
eth_test_miim_rst_phy               DONE -> log: results/mdio/log/eth_test_miim_rst_phy.log
eth_test_miim_scan                  DONE -> log: results/mdio/log/eth_test_miim_scan.log
eth_test_miim_cov_cross             DONE -> log: results/mdio/log/eth_test_miim_cov_cross.log
eth_test_miim_walking               DONE -> log: results/mdio/log/eth_test_miim_walking.log
eth_test_miim_write_readonly_regs   DONE -> log: results/mdio/log/eth_test_miim_write_readonly_regs.log
eth_test_miim_priority              DONE -> log: results/mdio/log/eth_test_miim_priority.log
eth_test_miim_wrong_phy_addr        DONE -> log: results/mdio/log/eth_test_miim_wrong_phy_addr.log
eth_test_miim_scan_intr             DONE -> log: results/mdio/log/eth_test_miim_scan_intr.log
eth_test_miim_reg_bits              DONE -> log: results/mdio/log/eth_test_miim_reg_bits.log
eth_test_miim_scan_intr_sweep       DONE -> log: results/mdio/log/eth_test_miim_scan_intr_sweep.log
eth_test_miim_back_to_back          DONE -> log: results/mdio/log/eth_test_miim_back_to_back.log
eth_test_miim_phy_addr_sweep        DONE -> log: results/mdio/log/eth_test_miim_phy_addr_sweep.log

==================================================
         FINISHING MDIO REGRESSION                
==================================================

